stm32f7xx_hal_msp.c:66:6:HAL_MspInit	16	static
stm32f7xx_hal_msp.c:88:6:HAL_ADC_MspInit	48	static
stm32f7xx_hal_msp.c:133:6:HAL_ADC_MspDeInit	16	static
stm32f7xx_hal_msp.c:169:6:HAL_CRC_MspInit	24	static
stm32f7xx_hal_msp.c:191:6:HAL_CRC_MspDeInit	16	static
stm32f7xx_hal_msp.c:213:6:HAL_DCMI_MspInit	64	static
stm32f7xx_hal_msp.c:291:6:HAL_DCMI_MspDeInit	16	static
stm32f7xx_hal_msp.c:338:6:HAL_DMA2D_MspInit	24	static
stm32f7xx_hal_msp.c:363:6:HAL_DMA2D_MspDeInit	16	static
stm32f7xx_hal_msp.c:388:6:HAL_ETH_MspInit	64	static
stm32f7xx_hal_msp.c:447:6:HAL_ETH_MspDeInit	16	static
stm32f7xx_hal_msp.c:487:6:HAL_I2C_MspInit	56	static
stm32f7xx_hal_msp.c:547:6:HAL_I2C_MspDeInit	16	static
stm32f7xx_hal_msp.c:598:6:HAL_LTDC_MspInit	64	static
stm32f7xx_hal_msp.c:699:6:HAL_LTDC_MspDeInit	16	static
stm32f7xx_hal_msp.c:768:6:HAL_QSPI_MspInit	56	static
stm32f7xx_hal_msp.c:831:6:HAL_QSPI_MspDeInit	16	static
stm32f7xx_hal_msp.c:868:6:HAL_RTC_MspInit	16	static
stm32f7xx_hal_msp.c:890:6:HAL_RTC_MspDeInit	16	static
stm32f7xx_hal_msp.c:912:6:HAL_SD_MspInit	48	static
stm32f7xx_hal_msp.c:961:6:HAL_SD_MspDeInit	16	static
stm32f7xx_hal_msp.c:997:6:HAL_SPDIFRX_MspInit	48	static
stm32f7xx_hal_msp.c:1032:6:HAL_SPDIFRX_MspDeInit	16	static
stm32f7xx_hal_msp.c:1060:6:HAL_TIM_Base_MspInit	64	static
stm32f7xx_hal_msp.c:1144:6:HAL_TIM_MspPostInit	56	static
stm32f7xx_hal_msp.c:1238:6:HAL_TIM_Base_MspDeInit	16	static
stm32f7xx_hal_msp.c:1321:6:HAL_UART_MspInit	56	static
stm32f7xx_hal_msp.c:1389:6:HAL_UART_MspDeInit	16	static
stm32f7xx_hal_msp.c:1434:13:HAL_FMC_MspInit	32	static
stm32f7xx_hal_msp.c:1540:6:HAL_SDRAM_MspInit	16	static
stm32f7xx_hal_msp.c:1552:13:HAL_FMC_MspDeInit	8	static
stm32f7xx_hal_msp.c:1626:6:HAL_SDRAM_MspDeInit	16	static
stm32f7xx_hal_msp.c:1638:6:HAL_SAI_MspInit	48	static
stm32f7xx_hal_msp.c:1688:6:HAL_SAI_MspDeInit	16	static
