stm32f7xx_hal_sd.c:335:19:HAL_SD_Init	16	static
stm32f7xx_hal_sd.c:403:19:HAL_SD_InitCard	72	static
stm32f7xx_hal_sd.c:470:19:HAL_SD_DeInit	16	static
stm32f7xx_hal_sd.c:511:13:HAL_SD_MspInit	16	static
stm32f7xx_hal_sd.c:526:13:HAL_SD_MspDeInit	16	static
stm32f7xx_hal_sd.c:567:19:HAL_SD_ReadBlocks	80	static
stm32f7xx_hal_sd.c:778:19:HAL_SD_WriteBlocks	80	static
stm32f7xx_hal_sd.c:962:19:HAL_SD_ReadBlocks_IT	56	static
stm32f7xx_hal_sd.c:1054:19:HAL_SD_WriteBlocks_IT	56	static
stm32f7xx_hal_sd.c:1147:19:HAL_SD_ReadBlocks_DMA	56	static
stm32f7xx_hal_sd.c:1264:19:HAL_SD_WriteBlocks_DMA	56	static
stm32f7xx_hal_sd.c:1379:19:HAL_SD_Erase	40	static
stm32f7xx_hal_sd.c:1481:6:HAL_SD_IRQHandler	24	static
stm32f7xx_hal_sd.c:1672:21:HAL_SD_GetState	16	static
stm32f7xx_hal_sd.c:1683:10:HAL_SD_GetError	16	static
stm32f7xx_hal_sd.c:1693:13:HAL_SD_TxCpltCallback	16	static
stm32f7xx_hal_sd.c:1708:13:HAL_SD_RxCpltCallback	16	static
stm32f7xx_hal_sd.c:1723:13:HAL_SD_ErrorCallback	16	static
stm32f7xx_hal_sd.c:1738:13:HAL_SD_AbortCallback	16	static
stm32f7xx_hal_sd.c:1949:19:HAL_SD_GetCardCID	16	static
stm32f7xx_hal_sd.c:1982:19:HAL_SD_GetCardCSD	16	static
stm32f7xx_hal_sd.c:2096:19:HAL_SD_GetCardStatus	88	static
stm32f7xx_hal_sd.c:2156:19:HAL_SD_GetCardInfo	16	static
stm32f7xx_hal_sd.c:2181:19:HAL_SD_ConfigWideBusOperation	72	static
stm32f7xx_hal_sd.c:2263:25:HAL_SD_GetCardState	32	static
stm32f7xx_hal_sd.c:2286:19:HAL_SD_Abort	24	static
stm32f7xx_hal_sd.c:2350:19:HAL_SD_Abort_IT	24	static
stm32f7xx_hal_sd.c:2437:13:SD_DMATransmitCplt	24	static
stm32f7xx_hal_sd.c:2450:13:SD_DMAReceiveCplt	24	static
stm32f7xx_hal_sd.c:2492:13:SD_DMAError	32	static
stm32f7xx_hal_sd.c:2536:13:SD_DMATxAbort	24	static
stm32f7xx_hal_sd.c:2575:13:SD_DMARxAbort	24	static
stm32f7xx_hal_sd.c:2614:17:SD_InitCard	96	static
stm32f7xx_hal_sd.c:2706:17:SD_PowerON	32	static
stm32f7xx_hal_sd.c:2796:13:SD_PowerOFF	16	static
stm32f7xx_hal_sd.c:2809:17:SD_SendSDStatus	56	static
stm32f7xx_hal_sd.c:2915:17:SD_SendStatus	24	static
stm32f7xx_hal_sd.c:2942:17:SD_WideBus_Enable	32	static
stm32f7xx_hal_sd.c:2989:17:SD_WideBus_Disable	32	static
stm32f7xx_hal_sd.c:3038:17:SD_FindSCR	72	static
stm32f7xx_hal_sd.c:3135:13:SD_Read_IT	32	static
stm32f7xx_hal_sd.c:3174:13:SD_Write_IT	32	static
