stm32f7xx_hal_rtc.c:242:19:HAL_RTC_Init	16	static
stm32f7xx_hal_rtc.c:359:19:HAL_RTC_DeInit	24	static
stm32f7xx_hal_rtc.c:683:13:HAL_RTC_MspInit	16	static
stm32f7xx_hal_rtc.c:699:13:HAL_RTC_MspDeInit	16	static
stm32f7xx_hal_rtc.c:738:19:HAL_RTC_SetTime	40	static
stm32f7xx_hal_rtc.c:872:19:HAL_RTC_GetTime	32	static
stm32f7xx_hal_rtc.c:917:19:HAL_RTC_SetDate	40	static
stm32f7xx_hal_rtc.c:1027:19:HAL_RTC_GetDate	32	static
stm32f7xx_hal_rtc.c:1082:19:HAL_RTC_SetAlarm	48	static
stm32f7xx_hal_rtc.c:1268:19:HAL_RTC_SetAlarm_IT	48	static
stm32f7xx_hal_rtc.c:1451:19:HAL_RTC_DeactivateAlarm	24	static
stm32f7xx_hal_rtc.c:1548:19:HAL_RTC_GetAlarm	32	static
stm32f7xx_hal_rtc.c:1599:6:HAL_RTC_AlarmIRQHandler	16	static
stm32f7xx_hal_rtc.c:1650:13:HAL_RTC_AlarmAEventCallback	16	static
stm32f7xx_hal_rtc.c:1667:19:HAL_RTC_PollForAlarmAEvent	24	static
stm32f7xx_hal_rtc.c:1729:19:HAL_RTC_WaitForSynchro	24	static
stm32f7xx_hal_rtc.c:1775:21:HAL_RTC_GetState	16	static
stm32f7xx_hal_rtc.c:1786:6:HAL_RTC_DST_Add1Hour	16	static
stm32f7xx_hal_rtc.c:1800:6:HAL_RTC_DST_Sub1Hour	16	static
stm32f7xx_hal_rtc.c:1814:6:HAL_RTC_DST_SetStoreOperation	16	static
stm32f7xx_hal_rtc.c:1827:6:HAL_RTC_DST_ClearStoreOperation	16	static
stm32f7xx_hal_rtc.c:1840:10:HAL_RTC_DST_ReadStoreOperation	16	static
stm32f7xx_hal_rtc.c:1858:19:RTC_EnterInitMode	24	static
stm32f7xx_hal_rtc.c:1890:9:RTC_ByteToBcd2	24	static
stm32f7xx_hal_rtc.c:1908:9:RTC_Bcd2ToByte	24	static
